// Jest Snapshot v1, https://goo.gl/fbAQLP

exports[`Gallery component should match snapshot 1`] = `ShallowWrapper {}`;
