// Jest Snapshot v1, https://goo.gl/fbAQLP

exports[`Card component should match snapshot 1`] = `undefined`;

exports[`Card should match snapshot 1`] = `undefined`;
