// Jest Snapshot v1, https://goo.gl/fbAQLP

exports[`FavButton should match snapshot 1`] = `undefined`;
