// Jest Snapshot v1, https://goo.gl/fbAQLP

exports[`GalleryContainer component should match snapshot 1`] = `undefined`;
