// Jest Snapshot v1, https://goo.gl/fbAQLP

exports[`Genre component should match snapshot 1`] = `ShallowWrapper {}`;
