// Jest Snapshot v1, https://goo.gl/fbAQLP

exports[`DetailedMovieCard component should match snapshot 1`] = `ShallowWrapper {}`;
