// Jest Snapshot v1, https://goo.gl/fbAQLP

exports[`SearchOutput should match snapshot 1`] = `undefined`;
