// Jest Snapshot v1, https://goo.gl/fbAQLP

exports[`UserLogin component should match snapshot 1`] = `ShallowWrapper {}`;
